MPASM  5.35                       TMR0INT.ASM   11-11-2014  14:44:22         PAGE  1


LOC  OBJECT CODE     LINE SOURCE TEXT
  VALUE

                      00001 ;*******************************************
                      00002 ;**** Program title:  Simple Digital Clock  ***********
                      00003 ;**** Programmer:                           ***********
                      00004 ;******************************************
                      00005 
                      00006                 PROCESSOR PIC16F627A
                      00007                 #include <P16F627A.INC>
                      00001         LIST
                      00002 ; P16F627A.INC  Standard Header File, Version 1.10    Microchip Technology, Inc.
                      00265         LIST
Error[113]  : Symbol not previously defined (didn)
Error[112]  : Missing operator
Warning[209]: Missing quote
Error[124]  : Illegal argument (expected single character)
2007   0000           00008                 __CONFIG        _CP_OFF & _MCLRE_ON & _INTRC_OSC_NOCLKOUT & _LVP_OFF & _WDT_OFF         
                                                                                 didn't work (last lecture)
                      00009                 
                      00010 ;***** Variable Declaration (general purpose registers)
                      00011 
                      00012 bank0   macro
                      00013                         bcf     STATUS,RP0
                      00014                         bcf     STATUS,RP1
                      00015                 endm
                      00016 bank1   macro
                      00017                         bsf     STATUS,RP0
                      00018                         bcf     STATUS,RP1
                      00019                 endm
                      00020 
                      00021 PUSH    macro
                      00022                         movwf   W_TEMP
                      00023                         swapf   W_TEMP,f
                      00024                         bank1
                      00025                         swapf   OPTION_REG,w
                      00026                         movwf   OPTION_TEMP
                      00027                         bank0
                      00028                         swapf   STATUS,w
                      00029                         movwf   STATUS_TEMP
                      00030                 endm
                      00031                 
                      00032 POP             macro
                      00033                         swapf   STATUS_TEMP,w
                      00034                         movwf   STATUS
                      00035                         bank1
                      00036                         swapf   OPTION_TEMP,w
                      00037                         movwf   OPTION_REG
                      00038                         bank0
                      00039                         swapf   W_TEMP,w
                      00040                 endm
                      00041                 
                      00042                 cblock  0x20
  00000020            00043                         STATUS_TEMP             ; temporary variables
  00000021            00044                         W_TEMP
  00000022            00045                         OPTION_TEMP
MPASM  5.35                       TMR0INT.ASM   11-11-2014  14:44:22         PAGE  2


LOC  OBJECT CODE     LINE SOURCE TEXT
  VALUE

  00000023            00046                         temp
  00000024            00047                         temp1
  00000025            00048                         count
  00000026            00049                         count0
  00000027            00050                         count1
  00000028            00051                         count2
                      00052                 endc
                      00053 
0000                  00054                 ORG             0x00            ; Reset Vector
0000   2805           00055                 goto    Mymain          ; vector to main program
                      00056 
                      00057 
0004                  00058                 ORG             0x04            ; Interrupt Vector
0004   2808           00059                 goto    TMR0_ISR        ; vector to interrup service routine
                      00060 
0005                  00061 Mymain
0005   202B           00062                 call    Init
0006                  00063 Here
0006   0801           00064                 movf    TMR0,w
0007   2806           00065                 goto    Here
                      00066                 
                      00067                 
                      00068 ;***** Timer0 Interrupt Service Routine *****************
0008                  00069 TMR0_ISR
                      00070                 ;*** context saving ******
                      00071                 PUSH
0008   00A1               M                         movwf   W_TEMP
0009   0EA1               M                         swapf   W_TEMP,f
                          M                         bank1
000A   1683               M                         bsf     STATUS,RP0
000B   1303               M                         bcf     STATUS,RP1
Message[302]: Register in operand not in bank 0.  Ensure that bank bits are correct.
000C   0E01               M                         swapf   OPTION_REG,w
000D   00A2               M                         movwf   OPTION_TEMP
                          M                         bank0
000E   1283               M                         bcf     STATUS,RP0
000F   1303               M                         bcf     STATUS,RP1
0010   0E03               M                         swapf   STATUS,w
0011   00A0               M                         movwf   STATUS_TEMP
                      00072                 
                      00073                 ;*** TMR0 ISR begins here ****
0012   110B           00074                 bcf             INTCON,T0IF
0013   138B           00075                 bcf             INTCON,GIE              ; disable global interrupt
0014   0AA5           00076                 incf    count,f         ; increment system tick every 65.536 ms
                      00077                 
                      00078 
0015   300F           00079                 movlw   .15
0016   0225           00080                 subwf   count,w         ; check sys_tick = 15? (15x65.536ms = 1S)
0017   1D03           00081                 btfss   STATUS,Z
0018   2820           00082                 goto    ISR_EXIT
                      00083                 ;comf   PORTB,f
0019   1C06           00084                 btfss   PORTB,0
001A   281D           00085                 goto    LED_ON
MPASM  5.35                       TMR0INT.ASM   11-11-2014  14:44:22         PAGE  3


LOC  OBJECT CODE     LINE SOURCE TEXT
  VALUE

001B                  00086 LED_OFF
001B   1006           00087                 bcf             PORTB,0
001C   281E           00088                 goto    DONE
001D                  00089 LED_ON  
001D   1406           00090                 bsf             PORTB,0
001E                  00091 DONE
                      00092                 
001E   0103           00093                 clrw
001F   00A5           00094                 movwf   count
                      00095                 
                      00096                 
0020                  00097 ISR_EXIT
0020   178B           00098                 bsf             INTCON,GIE              ; re-enable global interrupt
                      00099 
                      00100                 ;*** context retrieving****
                      00101                 POP
0021   0E20               M                         swapf   STATUS_TEMP,w
0022   0083               M                         movwf   STATUS
                          M                         bank1
0023   1683               M                         bsf     STATUS,RP0
0024   1303               M                         bcf     STATUS,RP1
0025   0E22               M                         swapf   OPTION_TEMP,w
Message[302]: Register in operand not in bank 0.  Ensure that bank bits are correct.
0026   0081               M                         movwf   OPTION_REG
                          M                         bank0
0027   1283               M                         bcf     STATUS,RP0
0028   1303               M                         bcf     STATUS,RP1
0029   0E21               M                         swapf   W_TEMP,w
                      00102                 
002A   0009           00103                 retfie
                      00104                 
                      00105 ;***** Initialization subroutine ************************
                      00106 
002B   3007           00107 Init    movlw   .7
002C   1283 1303      00108                 banksel CMCON
002E   009F           00109                 movwf   CMCON           ; Disable analog comparator
002F   1683 1303      00110                 banksel TRISB
0031   3000           00111                 movlw   0x00
Message[302]: Register in operand not in bank 0.  Ensure that bank bits are correct.
0032   0086           00112                 movwf   TRISB           ; PORTB are all output
0033   1283 1303      00113                 banksel PORTB
                      00114                 ;******************** clear all related registers ********
0035   0186           00115                 clrf    PORTB
0036   0185           00116                 clrf    PORTA
0037   3020           00117                 movlw   0x20            ; the beginning of the general purpose register files
0038   0084           00118                 movwf   FSR
0039   0180           00119                 clrf    INDF
003A   0A84           00120                 incf    FSR,f
003B   3080           00121                 movlw   0x80
003C   0204           00122                 subwf   FSR,w
003D   1D03           00123                 btfss   STATUS,Z        ; are we at the end of bank0 RAM yet?
003E   2839           00124                 goto    $-5
                      00125                 
MPASM  5.35                       TMR0INT.ASM   11-11-2014  14:44:22         PAGE  4


LOC  OBJECT CODE     LINE SOURCE TEXT
  VALUE

                      00126                 ;****************** Timer 0 Initialization **************
003F   3087           00127                 movlw   b'10000111'     ; no RBPU, internal clock, PSA to timer0, 1:256
                      00128                 bank1
0040   1683               M                         bsf     STATUS,RP0
0041   1303               M                         bcf     STATUS,RP1
Message[302]: Register in operand not in bank 0.  Ensure that bank bits are correct.
0042   0081           00129                 movwf   OPTION_REG      ; OPTION_REG is in the BANK1 *****
                      00130                 bank0
0043   1283               M                         bcf     STATUS,RP0
0044   1303               M                         bcf     STATUS,RP1
0045   110B           00131                 bcf             INTCON,T0IF
0046   168B           00132                 bsf             INTCON,T0IE     ; enable Timer0 interrupt
0047   178B           00133                 bsf             INTCON,GIE      ; enable global interrupt
0048   0181           00134                 clrf    TMR0
0049   0008           00135                 return
                      00136 ;******* Initialization subroutine **********************
                      00137 
                      00138                 
                      00139                 END
MPASM  5.35                       TMR0INT.ASM   11-11-2014  14:44:22         PAGE  5


SYMBOL TABLE
  LABEL                             VALUE 

ADEN                              00000003
BRGH                              00000002
C                                 00000000
C1INV                             00000004
C1OUT                             00000006
C2INV                             00000005
C2OUT                             00000007
CCP1CON                           00000017
CCP1IE                            00000002
CCP1IF                            00000002
CCP1M0                            00000000
CCP1M1                            00000001
CCP1M2                            00000002
CCP1M3                            00000003
CCP1X                             00000005
CCP1Y                             00000004
CCPR1H                            00000016
CCPR1L                            00000015
CIS                               00000003
CM0                               00000000
CM1                               00000001
CM2                               00000002
CMCON                             0000001F
CMIE                              00000006
CMIF                              00000006
CREN                              00000004
CSRC                              00000007
DC                                00000001
DONE                              0000001E
EEADR                             0000009B
EECON1                            0000009C
EECON2                            0000009D
EEDATA                            0000009A
EEIE                              00000007
EEIF                              00000007
F                                 00000001
FERR                              00000002
FSR                               00000004
GIE                               00000007
Here                              00000006
INDF                              00000000
INTCON                            0000000B
INTE                              00000004
INTEDG                            00000006
INTF                              00000001
IRP                               00000007
ISR_EXIT                          00000020
Init                              0000002B
LED_OFF                           0000001B
LED_ON                            0000001D
Mymain                            00000005
NOT_BO                            00000000
NOT_BOD                           00000000
MPASM  5.35                       TMR0INT.ASM   11-11-2014  14:44:22         PAGE  6


SYMBOL TABLE
  LABEL                             VALUE 

NOT_BOR                           00000000
NOT_PD                            00000003
NOT_POR                           00000001
NOT_RBPU                          00000007
NOT_T1SYNC                        00000002
NOT_TO                            00000004
OERR                              00000001
OPTION_REG                        00000081
OPTION_TEMP                       00000022
OSCF                              00000003
PCL                               00000002
PCLATH                            0000000A
PCON                              0000008E
PEIE                              00000006
PIE1                              0000008C
PIR1                              0000000C
POP                               
PORTA                             00000005
PORTB                             00000006
PR2                               00000092
PS0                               00000000
PS1                               00000001
PS2                               00000002
PSA                               00000003
PUSH                              
RBIE                              00000003
RBIF                              00000000
RCIE                              00000005
RCIF                              00000005
RCREG                             0000001A
RCSTA                             00000018
RD                                00000000
RP0                               00000005
RP1                               00000006
RX9                               00000006
RX9D                              00000000
SPBRG                             00000099
SPEN                              00000007
SREN                              00000005
STATUS                            00000003
STATUS_TEMP                       00000020
SYNC                              00000004
T0CS                              00000005
T0IE                              00000005
T0IF                              00000002
T0SE                              00000004
T1CKPS0                           00000004
T1CKPS1                           00000005
T1CON                             00000010
T1OSCEN                           00000003
T2CKPS0                           00000000
T2CKPS1                           00000001
T2CON                             00000012
MPASM  5.35                       TMR0INT.ASM   11-11-2014  14:44:22         PAGE  7


SYMBOL TABLE
  LABEL                             VALUE 

TMR0                              00000001
TMR0_ISR                          00000008
TMR1CS                            00000001
TMR1H                             0000000F
TMR1IE                            00000000
TMR1IF                            00000000
TMR1L                             0000000E
TMR1ON                            00000000
TMR2                              00000011
TMR2IE                            00000001
TMR2IF                            00000001
TMR2ON                            00000002
TOUTPS0                           00000003
TOUTPS1                           00000004
TOUTPS2                           00000005
TOUTPS3                           00000006
TRISA                             00000085
TRISB                             00000086
TRMT                              00000001
TX9                               00000006
TX9D                              00000000
TXEN                              00000005
TXIE                              00000004
TXIF                              00000004
TXREG                             00000019
TXSTA                             00000098
VR0                               00000000
VR1                               00000001
VR2                               00000002
VR3                               00000003
VRCON                             0000009F
VREN                              00000007
VROE                              00000006
VRR                               00000005
W                                 00000000
WR                                00000001
WREN                              00000002
WRERR                             00000003
W_TEMP                            00000021
Z                                 00000002
_BODEN_OFF                        00003FBF
_BODEN_ON                         00003FFF
_BOREN_OFF                        00003FBF
_BOREN_ON                         00003FFF
_CP_OFF                           00003FFF
_CP_ON                            00001FFF
_DATA_CP_OFF                      00003FFF
_DATA_CP_ON                       00003EFF
_ER_OSC_CLKOUT                    00003FFF
_ER_OSC_NOCLKOUT                  00003FFE
_EXTCLK_OSC                       00003FEF
_HS_OSC                           00003FEE
_INTOSC_OSC_CLKOUT                00003FFD
MPASM  5.35                       TMR0INT.ASM   11-11-2014  14:44:22         PAGE  8


SYMBOL TABLE
  LABEL                             VALUE 

_INTOSC_OSC_NOCLKOUT              00003FFC
_INTRC_OSC_CLKOUT                 00003FFD
_INTRC_OSC_NOCLKOUT               00003FFC
_LP_OSC                           00003FEC
_LVP_OFF                          00003F7F
_LVP_ON                           00003FFF
_MCLRE_OFF                        00003FDF
_MCLRE_ON                         00003FFF
_PWRTE_OFF                        00003FFF
_PWRTE_ON                         00003FF7
_RC_OSC_CLKOUT                    00003FFF
_RC_OSC_NOCLKOUT                  00003FFE
_WDT_OFF                          00003FFB
_WDT_ON                           00003FFF
_XT_OSC                           00003FED
__16F627A                         00000001
bank0                             
bank1                             
count                             00000025
count0                            00000026
count1                            00000027
count2                            00000028
temp                              00000023
temp1                             00000024


MEMORY USAGE MAP ('X' = Used,  '-' = Unused)

0000 : X---XXXXXXXXXXXX XXXXXXXXXXXXXXXX XXXXXXXXXXXXXXXX XXXXXXXXXXXXXXXX
0040 : XXXXXXXXXX------ ---------------- ---------------- ----------------
2000 : -------X-------- ---------------- ---------------- ----------------

All other memory blocks unused.

Program Memory Words Used:    71
Program Memory Words Free:   953


Errors   :     3
Warnings :     1 reported,     0 suppressed
Messages :     4 reported,     0 suppressed

